Type Error: 
	Cannot unify 'Int' and 'Bool'
in:
	main = f id (Pair 1 True)
