Type Error: 
	Cannot unify 'List' and 'Bool'
in:
	main = f True
